// Jest Snapshot v1, https://goo.gl/fbAQLP

exports[`SlideShow renders correctly 1`] = `null`;
