// Jest Snapshot v1, https://goo.gl/fbAQLP

exports[`Strossle renders correctly 1`] = `
<div
  className="strossle-widget-undefined"
/>
`;
