// Jest Snapshot v1, https://goo.gl/fbAQLP

exports[`RelatedStory renders correctly 1`] = `null`;
