// Jest Snapshot v1, https://goo.gl/fbAQLP

exports[`Select renders correctly 1`] = `
<div
  className="css-0 ReactSelect"
  onKeyDown={[Function]}
>
  <div
    className="css-0 react-select__control"
    onMouseDown={[Function]}
    onTouchEnd={[Function]}
  >
    <div
      className="css-0 react-select__value-container"
    >
      <div
        className="css-0 react-select__placeholder"
      >
        Velg ...
      </div>
      <div
        className="css-0"
      >
        <div
          className="react-select__input"
          style={
            Object {
              "display": "inline-block",
            }
          }
        >
          <input
            aria-autocomplete="list"
            autoCapitalize="none"
            autoComplete="off"
            autoCorrect="off"
            disabled={false}
            id="react-select-2-input"
            onBlur={[Function]}
            onChange={[Function]}
            onFocus={[Function]}
            spellCheck="false"
            style={
              Object {
                "background": 0,
                "border": 0,
                "boxSizing": "content-box",
                "color": "inherit",
                "fontSize": "inherit",
                "label": "input",
                "opacity": 1,
                "outline": 0,
                "padding": 0,
                "width": "1px",
              }
            }
            tabIndex="0"
            type="text"
            value=""
          />
          <div
            style={
              Object {
                "height": 0,
                "left": 0,
                "overflow": "scroll",
                "position": "absolute",
                "top": 0,
                "visibility": "hidden",
                "whiteSpace": "pre",
              }
            }
          >
            
          </div>
        </div>
      </div>
    </div>
    <div
      className="css-0 react-select__indicators"
    >
      <span
        className="css-0 react-select__indicator-separator"
      />
      <img
        aria-hidden="true"
        className="react-select__indicator"
        onMouseDown={[Function]}
        onTouchEnd={[Function]}
        src="test-file-stub"
      />
    </div>
  </div>
</div>
`;
