// Jest Snapshot v1, https://goo.gl/fbAQLP

exports[`Panel renders correctly 1`] = `
<section
  className="Panel"
>
  <section
    className="content scroll"
  />
</section>
`;
