// Jest Snapshot v1, https://goo.gl/fbAQLP

exports[`PdfList renders correctly 1`] = `
<section
  className="PdfList"
/>
`;
