// Jest Snapshot v1, https://goo.gl/fbAQLP

exports[`SnaFoo renders correctly 1`] = `
<div
  className="SnaFoo"
/>
`;
