// Jest Snapshot v1, https://goo.gl/fbAQLP

exports[`FrontpageEdit renders correctly 1`] = `null`;
