// Jest Snapshot v1, https://goo.gl/fbAQLP

exports[`PageNotFound renders correctly 1`] = `
<main
  className="PageNotFound"
>
  Fant ikke siden
</main>
`;
